
> ergonomic-posture-monitor@0.0.0 build
> vite build

[36mvite v4.5.14 [32mbuilding for production...[36m[39m
transforming...
[32mÔ£ô[39m 1337 modules transformed.
[32mÔ£ô built in 5.36s[39m
node.exe : 
[31m"MessageCircleWarning" 
is not exported by "node_modul
es/lucide-react/dist/esm/lucid
e-react.js", imported by "src/
components/VirtualAssistant.js
x".[39m
En línea: 1 Carácter: 1
+ & "C:\Program 
Files\nodejs/node.exe" 
"C:\Program 
Files\nodejs/node_mo ...
+ ~~~~~~~~~~~~~~~~~~~~~~~~~~~~
~~~~~~~~~~~~~~~~~~~~~~~~~~~~~~
~~~~~~~~~~~
    + CategoryInfo            
  : NotSpecifi    ed: 
([31m"Message    
Ci...tant.jsx".[3    
9m:String) [], Rem    
oteException
    + FullyQualifiedEr    
rorId : NativeComm    andError
 
file: [36mC:/Users/admin/.gem
ini/antigravity/scratch/ergono
mic-posture-monitor/sismoer/sr
c/components/VirtualAssistant.
jsx:2:14[39m
[33m1: import React, { 
useState, useEffect } from 
'react';
2: import { Bot, 
MessageCircleWarning, 
CheckCircle, AlertTriangle, 
Sparkles, X } from 
'lucide-react';
                 ^
3: 
4: const VirtualAssistant = 
({ risk, angles, sessionTime 
}) => {
[39m
[31merror during build:
RollupError: 
"MessageCircleWarning" is not 
exported by "node_modules/luci
de-react/dist/esm/lucide-react
.js", imported by "src/compone
nts/VirtualAssistant.jsx".
    at error (file:///C:/Users
/admin/.gemini/antigravity/scr
atch/ergonomic-posture-monitor
/sismoer/node_modules/rollup/d
ist/es/shared/node-entry.js:22
87:30)
    at Module.error (file:///C
:/Users/admin/.gemini/antigrav
ity/scratch/ergonomic-posture-
monitor/sismoer/node_modules/r
ollup/dist/es/shared/node-entr
y.js:13745:16)
    at Module.traceVariable (f
ile:///C:/Users/admin/.gemini/
antigravity/scratch/ergonomic-
posture-monitor/sismoer/node_m
odules/rollup/dist/es/shared/n
ode-entry.js:14175:29)
    at 
ModuleScope.findVariable (file
:///C:/Users/admin/.gemini/ant
igravity/scratch/ergonomic-pos
ture-monitor/sismoer/node_modu
les/rollup/dist/es/shared/node
-entry.js:12615:39)
    at 
ReturnValueScope.findVariable 
(file:///C:/Users/admin/.gemin
i/antigravity/scratch/ergonomi
c-posture-monitor/sismoer/node
_modules/rollup/dist/es/shared
/node-entry.js:7124:38)
    at 
ChildScope.findVariable (file:
///C:/Users/admin/.gemini/anti
gravity/scratch/ergonomic-post
ure-monitor/sismoer/node_modul
es/rollup/dist/es/shared/node-
entry.js:7124:38)
    at Identifier.bind (file:/
//C:/Users/admin/.gemini/antig
ravity/scratch/ergonomic-postu
re-monitor/sismoer/node_module
s/rollup/dist/es/shared/node-e
ntry.js:8319:40)
    at Property.bind (file:///
C:/Users/admin/.gemini/antigra
vity/scratch/ergonomic-posture
-monitor/sismoer/node_modules/
rollup/dist/es/shared/node-ent
ry.js:5892:23)
    at ObjectExpression.bind (
file:///C:/Users/admin/.gemini
/antigravity/scratch/ergonomic
-posture-monitor/sismoer/node_
modules/rollup/dist/es/shared/
node-entry.js:5888:28)
    at Property.bind (file:///
C:/Users/admin/.gemini/antigra
vity/scratch/ergonomic-posture
-monitor/sismoer/node_modules/
rollup/dist/es/shared/node-ent
ry.js:5892:23)[39m
